C51 COMPILER V9.00   M                                                                     03/03/2015 00:24:20 PAGE 1   


C51 COMPILER V9.00, COMPILATION OF MODULE M
OBJECT MODULE PLACED IN m.OBJ
COMPILER INVOKED BY: C:\Keil\C51\BIN\C51.EXE m.c ROM(SMALL) BROWSE DEBUG OBJECTEXTEND

line level    source

   1          #include <rtx51tny.h>
   2          
   3          long counter1; 
   4          
   5          void job0 () _task_ 0 
   6          {
   7   1       //os_create_task (1);创建任务1
   8   1      
   9   1       //os_create_task (1);
  10   1      
  11   1      }
  12          void job1 () _task_ 1  {
  13   1      long counter1; 
  14   1        while (1)  {                        /* endless loop                         */
  15   2          counter1++;                       /* increment counter 1                  */
  16   2        }
  17   1      }
  18          


MODULE INFORMATION:   STATIC OVERLAYABLE
   CODE SIZE        =     28    ----
   CONSTANT SIZE    =   ----    ----
   XDATA SIZE       =   ----    ----
   PDATA SIZE       =   ----    ----
   DATA SIZE        =      4       4
   IDATA SIZE       =   ----    ----
   BIT SIZE         =   ----    ----
END OF MODULE INFORMATION.


C51 COMPILATION COMPLETE.  0 WARNING(S),  0 ERROR(S)
